2025-04-04 06:44:03.304148 - Received CBT.V508.FILE251.PDS from FILE251.XMI 
2025-04-04 06:44:03.306291 - Found $$$#DATE.txt (text/plain) in CBT.V508.FILE251.PDS, moved to PDS/$$$#DATE
2025-04-04 06:44:03.306430 - Found $$$DOC.txt (text/plain) in CBT.V508.FILE251.PDS, moved to PDS/$$$DOC
2025-04-04 06:44:03.306604 - Found @FILE251.txt (text/plain) in CBT.V508.FILE251.PDS, moved to PDS/@FILE251
2025-04-04 06:44:03.306727 - Found ADDAFTR.txt (text/plain) in CBT.V508.FILE251.PDS, moved to PDS/ADDAFTR
2025-04-04 06:44:03.306842 - Found BUPMEM.txt (text/plain) in CBT.V508.FILE251.PDS, moved to PDS/BUPMEM
2025-04-04 06:44:03.306960 - Found CHGID.bin (application/octet-stream) in CBT.V508.FILE251.PDS, moved to PDS/CHGID
2025-04-04 06:44:03.307081 - Found CHGSTS.bin (application/octet-stream) in CBT.V508.FILE251.PDS, moved to PDS/CHGSTS
2025-04-04 06:44:03.307196 - Found CLISTDOC.txt (text/plain) in CBT.V508.FILE251.PDS, moved to PDS/CLISTDOC
2025-04-04 06:44:03.307312 - Found CMODEL.txt (text/plain) in CBT.V508.FILE251.PDS, moved to PDS/CMODEL
2025-04-04 06:44:03.307425 - Found CUTCOL#.txt (text/plain) in CBT.V508.FILE251.PDS, moved to PDS/CUTCOL#
2025-04-04 06:44:03.307538 - Found CUTCOLS.txt (text/plain) in CBT.V508.FILE251.PDS, moved to PDS/CUTCOLS
2025-04-04 06:44:03.307657 - Found DELMARK.txt (text/plain) in CBT.V508.FILE251.PDS, moved to PDS/DELMARK
2025-04-04 06:44:03.307773 - Found DOCMAC.txt (text/plain) in CBT.V508.FILE251.PDS, moved to PDS/DOCMAC
2025-04-04 06:44:03.307900 - Found FINDPROC.txt (text/plain) in CBT.V508.FILE251.PDS, moved to PDS/FINDPROC
2025-04-04 06:44:03.308014 - Found FPROCBLD.txt (text/plain) in CBT.V508.FILE251.PDS, moved to PDS/FPROCBLD
2025-04-04 06:44:03.308131 - Found FPROCMAC.txt (text/plain) in CBT.V508.FILE251.PDS, moved to PDS/FPROCMAC
2025-04-04 06:44:03.308237 - Found FPROCTOP.txt (text/plain) in CBT.V508.FILE251.PDS, moved to PDS/FPROCTOP
2025-04-04 06:44:03.308360 - Found HELPMAC.txt (text/plain) in CBT.V508.FILE251.PDS, moved to PDS/HELPMAC
2025-04-04 06:44:03.308510 - Found INSERTM.txt (text/plain) in CBT.V508.FILE251.PDS, moved to PDS/INSERTM
2025-04-04 06:44:03.308633 - Found ISPYP1.txt (text/plain) in CBT.V508.FILE251.PDS, moved to PDS/ISPYP1
2025-04-04 06:44:03.308739 - Found LINEGRP.txt (text/plain) in CBT.V508.FILE251.PDS, moved to PDS/LINEGRP
2025-04-04 06:44:03.308854 - Found MACDOC.txt (text/plain) in CBT.V508.FILE251.PDS, moved to PDS/MACDOC
2025-04-04 06:44:03.308965 - Found MACPEEK.txt (text/plain) in CBT.V508.FILE251.PDS, moved to PDS/MACPEEK
2025-04-04 06:44:03.309083 - Found MACVIEW.txt (text/plain) in CBT.V508.FILE251.PDS, moved to PDS/MACVIEW
2025-04-04 06:44:03.309198 - Found MARK.txt (text/plain) in CBT.V508.FILE251.PDS, moved to PDS/MARK
2025-04-04 06:44:03.309324 - Found MARKCLR.txt (text/plain) in CBT.V508.FILE251.PDS, moved to PDS/MARKCLR
2025-04-04 06:44:03.309466 - Found MEMDEL.txt (text/plain) in CBT.V508.FILE251.PDS, moved to PDS/MEMDEL
2025-04-04 06:44:03.309579 - Found MEMLSTX.txt (text/plain) in CBT.V508.FILE251.PDS, moved to PDS/MEMLSTX
2025-04-04 06:44:03.309702 - Found MOVECOL#.bin (application/octet-stream) in CBT.V508.FILE251.PDS, moved to PDS/MOVECOL#
2025-04-04 06:44:03.309817 - Found MOVECOLS.txt (text/plain) in CBT.V508.FILE251.PDS, moved to PDS/MOVECOLS
2025-04-04 06:44:03.309938 - Found MOVFIEL#.txt (text/plain) in CBT.V508.FILE251.PDS, moved to PDS/MOVFIEL#
2025-04-04 06:44:03.310051 - Found MOVFIELD.txt (text/plain) in CBT.V508.FILE251.PDS, moved to PDS/MOVFIELD
2025-04-04 06:44:03.310166 - Found MPAST.txt (text/plain) in CBT.V508.FILE251.PDS, moved to PDS/MPAST
2025-04-04 06:44:03.310275 - Found MSGMAKE.txt (text/plain) in CBT.V508.FILE251.PDS, moved to PDS/MSGMAKE
2025-04-04 06:44:03.310385 - Found PANPEEK.txt (text/plain) in CBT.V508.FILE251.PDS, moved to PDS/PANPEEK
2025-04-04 06:44:03.310512 - Found PANVIEW.txt (text/plain) in CBT.V508.FILE251.PDS, moved to PDS/PANVIEW
2025-04-04 06:44:03.310647 - Found SALTER.txt (text/plain) in CBT.V508.FILE251.PDS, moved to PDS/SALTER
2025-04-04 06:44:03.310781 - Found SKELPEEK.txt (text/plain) in CBT.V508.FILE251.PDS, moved to PDS/SKELPEEK
2025-04-04 06:44:03.310921 - Found SKELVIEW.txt (text/plain) in CBT.V508.FILE251.PDS, moved to PDS/SKELVIEW
2025-04-04 06:44:03.311089 - Found SYA$DOC.txt (text/plain) in CBT.V508.FILE251.PDS, moved to PDS/SYA$DOC
2025-04-04 06:44:03.311223 - Found SYACATC.txt (text/plain) in CBT.V508.FILE251.PDS, moved to PDS/SYACATC
2025-04-04 06:44:03.311364 - Found SYACLNUP.txt (text/plain) in CBT.V508.FILE251.PDS, moved to PDS/SYACLNUP
2025-04-04 06:44:03.311511 - Found SYACOPYI.txt (text/plain) in CBT.V508.FILE251.PDS, moved to PDS/SYACOPYI
2025-04-04 06:44:03.311631 - Found SYACOPYO.txt (text/plain) in CBT.V508.FILE251.PDS, moved to PDS/SYACOPYO
2025-04-04 06:44:03.311760 - Found SYAGENER.txt (text/plain) in CBT.V508.FILE251.PDS, moved to PDS/SYAGENER
2025-04-04 06:44:03.311907 - Found SYAGENRI.txt (text/plain) in CBT.V508.FILE251.PDS, moved to PDS/SYAGENRI
2025-04-04 06:44:03.312044 - Found SYAGENRO.txt (text/plain) in CBT.V508.FILE251.PDS, moved to PDS/SYAGENRO
2025-04-04 06:44:03.312158 - Found SYAJBALL.txt (text/plain) in CBT.V508.FILE251.PDS, moved to PDS/SYAJBALL
2025-04-04 06:44:03.312275 - Found SYAPDS.txt (text/plain) in CBT.V508.FILE251.PDS, moved to PDS/SYAPDS
2025-04-04 06:44:03.312385 - Found SYARENAM.txt (text/plain) in CBT.V508.FILE251.PDS, moved to PDS/SYARENAM
2025-04-04 06:44:03.312507 - Found SYAUDCAT.txt (text/plain) in CBT.V508.FILE251.PDS, moved to PDS/SYAUDCAT
2025-04-04 06:44:03.312626 - Found SYAUNCAT.txt (text/plain) in CBT.V508.FILE251.PDS, moved to PDS/SYAUNCAT
2025-04-04 06:44:03.312744 - Found VOID.txt (text/plain) in CBT.V508.FILE251.PDS, moved to PDS/VOID
2025-04-04 06:44:03.312862 - Found VPANEL.txt (text/plain) in CBT.V508.FILE251.PDS, moved to PDS/VPANEL
2025-04-04 06:44:03.313000 - Found VTZAPBLD.txt (text/plain) in CBT.V508.FILE251.PDS, moved to PDS/VTZAPBLD
2025-04-04 06:44:03.313109 - Found WCUT.txt (text/plain) in CBT.V508.FILE251.PDS, moved to PDS/WCUT
2025-04-04 06:44:03.313222 - Found WCUT2.txt (text/plain) in CBT.V508.FILE251.PDS, moved to PDS/WCUT2
2025-04-04 06:44:03.313332 - Found WPASTE.txt (text/plain) in CBT.V508.FILE251.PDS, moved to PDS/WPASTE
